------------------------------------------------------------
TimeQuest Timing Analyzer Summary
------------------------------------------------------------

Type  : Slow 1100mV 85C Model Setup 'clk'
Slack : 1.012
TNS   : 0.000

Type  : Slow 1100mV 85C Model Hold 'clk'
Slack : 0.455
TNS   : 0.000

Type  : Slow 1100mV 85C Model Minimum Pulse Width 'clk'
Slack : 0.364
TNS   : 0.000

Type  : Slow 1100mV 0C Model Setup 'clk'
Slack : 1.013
TNS   : 0.000

Type  : Slow 1100mV 0C Model Hold 'clk'
Slack : 0.463
TNS   : 0.000

Type  : Slow 1100mV 0C Model Minimum Pulse Width 'clk'
Slack : 0.364
TNS   : 0.000

Type  : Fast 1100mV 85C Model Setup 'clk'
Slack : 2.566
TNS   : 0.000

Type  : Fast 1100mV 85C Model Hold 'clk'
Slack : 0.183
TNS   : 0.000

Type  : Fast 1100mV 85C Model Minimum Pulse Width 'clk'
Slack : 0.813
TNS   : 0.000

Type  : Fast 1100mV 0C Model Setup 'clk'
Slack : 2.581
TNS   : 0.000

Type  : Fast 1100mV 0C Model Hold 'clk'
Slack : 0.171
TNS   : 0.000

Type  : Fast 1100mV 0C Model Minimum Pulse Width 'clk'
Slack : 0.801
TNS   : 0.000

------------------------------------------------------------
