Info: Starting: Create simulation model
Info: qsys-generate C:\intelFPGA_lite\17.1\quartus\MyDev\fft_atan2_v1\FFT_Burst_16x1024_v1.qsys --simulation=VHDL --allow-mixed-language-simulation --output-directory=C:\intelFPGA_lite\17.1\quartus\MyDev\fft_atan2_v1\FFT_Burst_16x1024_v1\simulation --family="Cyclone V" --part=5CGXFC7C7F23C8
Progress: Loading fft_atan2_v1/FFT_Burst_16x1024_v1.qsys
Progress: Reading input file
Progress: Adding fft_ii_0 [altera_fft_ii 17.1]
Progress: Parameterizing module fft_ii_0
Progress: Building connections
Progress: Parameterizing connections
Progress: Validating
Progress: Done reading input file
Info: FFT_Burst_16x1024_v1.fft_ii_0: Radix-2 digit reverse implied
Info: FFT_Burst_16x1024_v1: Generating FFT_Burst_16x1024_v1 "FFT_Burst_16x1024_v1" for SIM_VHDL
Info: fft_ii_0: --- add file: FFT_Burst_16x1024_v1_fft_ii_0_2n1024sin.hex
Info: fft_ii_0: --- add file: FFT_Burst_16x1024_v1_fft_ii_0_3n1024cos.hex
Info: fft_ii_0: --- add file: FFT_Burst_16x1024_v1_fft_ii_0_3n1024sin.hex
Info: fft_ii_0: --- add file: FFT_Burst_16x1024_v1_fft_ii_0_1n1024cos.hex
Info: fft_ii_0: --- add file: FFT_Burst_16x1024_v1_fft_ii_0_1n1024sin.hex
Info: fft_ii_0: --- add file: FFT_Burst_16x1024_v1_fft_ii_0_2n1024cos.hex
Info: fft_ii_0: "FFT_Burst_16x1024_v1" instantiated altera_fft_ii "fft_ii_0"
Info: FFT_Burst_16x1024_v1: Done "FFT_Burst_16x1024_v1" with 2 modules, 244 files
Info: qsys-generate succeeded.
Info: Finished: Create simulation model
Info: Starting: Create Modelsim Project.
Info: sim-script-gen --spd=C:\intelFPGA_lite\17.1\quartus\MyDev\fft_atan2_v1\FFT_Burst_16x1024_v1\FFT_Burst_16x1024_v1.spd --output-directory=C:/intelFPGA_lite/17.1/quartus/MyDev/fft_atan2_v1/FFT_Burst_16x1024_v1/simulation/ --use-relative-paths=true
Info: Doing: ip-make-simscript --spd=C:\intelFPGA_lite\17.1\quartus\MyDev\fft_atan2_v1\FFT_Burst_16x1024_v1\FFT_Burst_16x1024_v1.spd --output-directory=C:/intelFPGA_lite/17.1/quartus/MyDev/fft_atan2_v1/FFT_Burst_16x1024_v1/simulation/ --use-relative-paths=true
Info: Generating the following file(s) for MODELSIM simulator in C:/intelFPGA_lite/17.1/quartus/MyDev/fft_atan2_v1/FFT_Burst_16x1024_v1/simulation/ directory:
Info: 	mentor/msim_setup.tcl
Info: Skipping VCS script generation since VHDL file $QUARTUS_INSTALL_DIR/eda/sim_lib/altera_syn_attributes.vhd is required for simulation
Info: Generating the following file(s) for VCSMX simulator in C:/intelFPGA_lite/17.1/quartus/MyDev/fft_atan2_v1/FFT_Burst_16x1024_v1/simulation/ directory:
Info: 	synopsys/vcsmx/synopsys_sim.setup
Info: 	synopsys/vcsmx/vcsmx_setup.sh
Info: Generating the following file(s) for NCSIM simulator in C:/intelFPGA_lite/17.1/quartus/MyDev/fft_atan2_v1/FFT_Burst_16x1024_v1/simulation/ directory:
Info: 	cadence/cds.lib
Info: 	cadence/hdl.var
Info: 	cadence/ncsim_setup.sh
Info: 	1 .cds.lib files in cadence/cds_libs/ directory
Info: Generating the following file(s) for RIVIERA simulator in C:/intelFPGA_lite/17.1/quartus/MyDev/fft_atan2_v1/FFT_Burst_16x1024_v1/simulation/ directory:
Info: 	aldec/rivierapro_setup.tcl
Info: For information on how to simulate your IP, see the explanatory comments in the simulator-specific subdirectories under C:/intelFPGA_lite/17.1/quartus/MyDev/fft_atan2_v1/FFT_Burst_16x1024_v1/simulation/.
Info: Regenerate these scripts whenever you make any change to any Quartus-generated IP in your project.
Info: Finished: Create Modelsim Project.
Info: Starting: Create block symbol file (.bsf)
Info: qsys-generate C:\intelFPGA_lite\17.1\quartus\MyDev\fft_atan2_v1\FFT_Burst_16x1024_v1.qsys --block-symbol-file --output-directory=C:\intelFPGA_lite\17.1\quartus\MyDev\fft_atan2_v1\FFT_Burst_16x1024_v1 --family="Cyclone V" --part=5CGXFC7C7F23C8
Progress: Loading fft_atan2_v1/FFT_Burst_16x1024_v1.qsys
Progress: Reading input file
Progress: Adding fft_ii_0 [altera_fft_ii 17.1]
Progress: Parameterizing module fft_ii_0
Progress: Building connections
Progress: Parameterizing connections
Progress: Validating
Progress: Done reading input file
Info: FFT_Burst_16x1024_v1.fft_ii_0: Radix-2 digit reverse implied
Info: qsys-generate succeeded.
Info: Finished: Create block symbol file (.bsf)
Info: 
Info: Starting: Create HDL design files for synthesis
Info: qsys-generate C:\intelFPGA_lite\17.1\quartus\MyDev\fft_atan2_v1\FFT_Burst_16x1024_v1.qsys --synthesis=VERILOG --output-directory=C:\intelFPGA_lite\17.1\quartus\MyDev\fft_atan2_v1\FFT_Burst_16x1024_v1\synthesis --family="Cyclone V" --part=5CGXFC7C7F23C8
Progress: Loading fft_atan2_v1/FFT_Burst_16x1024_v1.qsys
Progress: Reading input file
Progress: Adding fft_ii_0 [altera_fft_ii 17.1]
Progress: Parameterizing module fft_ii_0
Progress: Building connections
Progress: Parameterizing connections
Progress: Validating
Progress: Done reading input file
Info: FFT_Burst_16x1024_v1.fft_ii_0: Radix-2 digit reverse implied
Info: FFT_Burst_16x1024_v1: Generating FFT_Burst_16x1024_v1 "FFT_Burst_16x1024_v1" for QUARTUS_SYNTH
Info: fft_ii_0: --- add file: FFT_Burst_16x1024_v1_fft_ii_0_2n1024sin.hex
Info: fft_ii_0: --- add file: FFT_Burst_16x1024_v1_fft_ii_0_3n1024cos.hex
Info: fft_ii_0: --- add file: FFT_Burst_16x1024_v1_fft_ii_0_3n1024sin.hex
Info: fft_ii_0: --- add file: FFT_Burst_16x1024_v1_fft_ii_0_1n1024cos.hex
Info: fft_ii_0: --- add file: FFT_Burst_16x1024_v1_fft_ii_0_1n1024sin.hex
Info: fft_ii_0: --- add file: FFT_Burst_16x1024_v1_fft_ii_0_2n1024cos.hex
Info: fft_ii_0: "FFT_Burst_16x1024_v1" instantiated altera_fft_ii "fft_ii_0"
Info: FFT_Burst_16x1024_v1: Done "FFT_Burst_16x1024_v1" with 2 modules, 108 files
Info: qsys-generate succeeded.
Info: Finished: Create HDL design files for synthesis
